// Vitest Snapshot v1, https://vitest.dev/guide/snapshot.html

exports[`Check path correct when image is clicked 1`] = `
<DocumentFragment>
  <figure
    class="card"
  >
    <a
      href="/project2/carpage/Ferrari-F40"
    >
      <img
        alt="Ferrari-F40"
        class="car-image"
        src="https://upload.wikimedia.org/wikipedia/commons/thumb/c/cb/F40_Ferrari_20090509.jpg/1200px-F40_Ferrari_20090509.jpg"
      />
    </a>
  </figure>
</DocumentFragment>
`;
