// Vitest Snapshot v1, https://vitest.dev/guide/snapshot.html

exports[`DropdownMenu Component > matches snapshot 1`] = `
<DocumentFragment>
  <div
    class="dropdown-button-wrapper"
  >
    <button
      class="dropdown-button"
      data-testid="drop-down"
    >
      <label
        class="ddb-label"
      />
      <i
        class="dropdown-arrow"
      />
    </button>
    <div
      class="dropdown closed"
    >
      <menu
        class="options-wrapper"
      >
        <div
          class="dropdown-button-inside-wrapper"
        >
          <button
            class="dropdown-button-inside"
          >
            <span>
              Option1
            </span>
          </button>
        </div>
        <div
          class="dropdown-button-inside-wrapper"
        >
          <button
            class="dropdown-button-inside"
          >
            <span>
              Option2
            </span>
          </button>
        </div>
        <div
          class="dropdown-button-inside-wrapper"
        >
          <button
            class="dropdown-button-inside"
          >
            <span>
              Option3
            </span>
          </button>
        </div>
      </menu>
      <div
        class="arrow-wrapper"
        style="justify-content: center;"
      />
    </div>
    <button
      class="clear-button"
    >
      <img
        src="/project2/src/assets/images/clear-icon.png"
      />
    </button>
  </div>
</DocumentFragment>
`;
