// Vitest Snapshot v1, https://vitest.dev/guide/snapshot.html

exports[`Check path correct when image is clicked 1`] = `
<DocumentFragment>
  <div>
    <div
      class="card"
    >
      <a
        href="/carpage/1"
      >
        <img
          class="car-image"
          src="https://upload.wikimedia.org/wikipedia/commons/thumb/c/cb/F40_Ferrari_20090509.jpg/1200px-F40_Ferrari_20090509.jpg"
        />
      </a>
    </div>
  </div>
</DocumentFragment>
`;

exports[`Check path when image is clicked 1`] = `
<DocumentFragment>
  <div>
    <div
      class="card"
    >
      <a
        href="/carpage/1"
      >
        <img
          class="car-image"
          src="https://upload.wikimedia.org/wikipedia/commons/thumb/c/cb/F40_Ferrari_20090509.jpg/1200px-F40_Ferrari_20090509.jpg"
        />
      </a>
    </div>
  </div>
</DocumentFragment>
`;

exports[`Go to different pages 1`] = `
<DocumentFragment>
  <div>
    <div
      class="card"
    >
      <a
        href="/carpage/1"
      >
        <img
          class="car-image"
          src="https://upload.wikimedia.org/wikipedia/commons/thumb/c/cb/F40_Ferrari_20090509.jpg/1200px-F40_Ferrari_20090509.jpg"
        />
      </a>
    </div>
  </div>
</DocumentFragment>
`;
