// Vitest Snapshot v1, https://vitest.dev/guide/snapshot.html

exports[`Go to different pages 1`] = `
<DocumentFragment>
  <div
    class="header-container"
  >
    <input
      class="check"
      id="check"
      type="checkbox"
    />
    <label
      class="checkbtn"
      for="check"
    >
      <img
        alt=""
        class="burger-menu"
        src="https://www.pngkit.com/png/full/239-2394744_icon-open-nav-icon-white.png"
      />
    </label>
    <ul
      class="pages-menu"
    >
      <div
        class="link-flex"
      >
        <a
          aria-current="page"
          class="normal grey-text active"
          href="/project2"
        >
          <h1>
            Home
          </h1>
        </a>
      </div>
      <div
        class="link-flex"
      >
        <a
          aria-current="page"
          class="normal active"
          href="/project2/filtercars"
        >
          <h1>
            Browse cars
          </h1>
        </a>
      </div>
      <div
        class="link-flex"
      >
        <a
          class="normal grey-text"
          href="/project2/favorites"
        >
          <h1>
            Favorites
          </h1>
        </a>
      </div>
      <div
        class="link-flex"
      >
        <a
          class="normal grey-text"
          href="/project2/reviewedcars"
        >
          <h1>
            Your reviews
          </h1>
        </a>
      </div>
    </ul>
  </div>
</DocumentFragment>
`;

exports[`Go to different pages 2`] = `
<DocumentFragment>
  <div
    class="header-container"
  >
    <input
      class="check"
      id="check"
      type="checkbox"
    />
    <label
      class="checkbtn"
      for="check"
    >
      <img
        alt=""
        class="burger-menu"
        src="https://www.pngkit.com/png/full/239-2394744_icon-open-nav-icon-white.png"
      />
    </label>
    <ul
      class="pages-menu"
    >
      <div
        class="link-flex"
      >
        <a
          aria-current="page"
          class="normal grey-text active"
          href="/project2"
        >
          <h1>
            Home
          </h1>
        </a>
      </div>
      <div
        class="link-flex"
      >
        <a
          class="normal grey-text"
          href="/project2/filtercars"
        >
          <h1>
            Browse cars
          </h1>
        </a>
      </div>
      <div
        class="link-flex"
      >
        <a
          aria-current="page"
          class="normal active"
          href="/project2/favorites"
        >
          <h1>
            Favorites
          </h1>
        </a>
      </div>
      <div
        class="link-flex"
      >
        <a
          class="normal grey-text"
          href="/project2/reviewedcars"
        >
          <h1>
            Your reviews
          </h1>
        </a>
      </div>
    </ul>
  </div>
</DocumentFragment>
`;

exports[`Go to different pages 3`] = `
<DocumentFragment>
  <div
    class="header-container"
  >
    <input
      class="check"
      id="check"
      type="checkbox"
    />
    <label
      class="checkbtn"
      for="check"
    >
      <img
        alt=""
        class="burger-menu"
        src="https://www.pngkit.com/png/full/239-2394744_icon-open-nav-icon-white.png"
      />
    </label>
    <ul
      class="pages-menu"
    >
      <div
        class="link-flex"
      >
        <a
          aria-current="page"
          class="normal grey-text active"
          href="/project2"
        >
          <h1>
            Home
          </h1>
        </a>
      </div>
      <div
        class="link-flex"
      >
        <a
          class="normal grey-text"
          href="/project2/filtercars"
        >
          <h1>
            Browse cars
          </h1>
        </a>
      </div>
      <div
        class="link-flex"
      >
        <a
          class="normal grey-text"
          href="/project2/favorites"
        >
          <h1>
            Favorites
          </h1>
        </a>
      </div>
      <div
        class="link-flex"
      >
        <a
          aria-current="page"
          class="normal active"
          href="/project2/reviewedcars"
        >
          <h1>
            Your reviews
          </h1>
        </a>
      </div>
    </ul>
  </div>
</DocumentFragment>
`;
